[backblue.gif]
[fade.gif]
[index.html]
[educate.frontted.com/assets/images/256_daniel-gaffey-1060698-unsplash.jpg]
[educate.frontted.com/assets/images/256_jeremy-banks-798787-unsplash.jpg]
[educate.frontted.com/assets/images/256_michael-dam-258165-unsplash.jpg]
[educate.frontted.com/assets/images/256_s-a-r-a-h-s-h-a-r-p-764291-unsplash.jpg]
[educate.frontted.com/assets/images/256_luke-porter-261779-unsplash.jpg]
[educate.frontted.com/assets/images/256_joao-silas-636453-unsplash.jpg]
[educate.frontted.com/assets/images/256_rsz_1andy-lee-642320-unsplash.jpg]
[educate.frontted.com/assets/images/stories/256_rsz_clem-onojeghuo-193397-unsplash.jpg]
[educate.frontted.com/assets/vendor/jquery.min.js]
[educate.frontted.com/assets/vendor/popper.min.js]
[educate.frontted.com/assets/vendor/bootstrap.min.js]
[educate.frontted.com/assets/vendor/perfect-scrollbar.min.js]
[educate.frontted.com/assets/vendor/dom-factory.js]
[educate.frontted.com/assets/vendor/material-design-kit.js]
[educate.frontted.com/assets/vendor/ion.rangeSlider.min.js]
[educate.frontted.com/assets/js/ion-rangeslider.js]
[educate.frontted.com/assets/js/toggle-check-all.js]
[educate.frontted.com/assets/js/check-selected-row.js]
[educate.frontted.com/assets/js/dropdown.js]
[educate.frontted.com/assets/js/sidebar-mini.js]
[educate.frontted.com/assets/js/app.js]
[educate.frontted.com/assets/js/app-settings.js]
[educate.frontted.com/assets/vendor/flatpickr/flatpickr.min.js]
[educate.frontted.com/assets/js/flatpickr.js]
[educate.frontted.com/assets/js/settings.js]
[educate.frontted.com/assets/vendor/moment.min.js]
[educate.frontted.com/assets/vendor/moment-range.js]
[educate.frontted.com/assets/vendor/Chart.min.js]
[educate.frontted.com/assets/js/chartjs-rounded-bar.js]
[educate.frontted.com/assets/js/charts.js]
[educate.frontted.com/assets/js/page.analytics.js]
[educate.frontted.com/index.html]
[educate.frontted.com/assets/vendor/perfect-scrollbar.css]
[educate.frontted.com/assets/images/login/alexandre-godreau-431553-unsplash.jpg]
[educate.frontted.com/assets/images/marker/blue.png]
[educate.frontted.com/assets/css/app.css]
[educate.frontted.com/assets/css/app.rtl.css]
[educate.frontted.com/assets/fonts/material-icons/MaterialIcons-Regular.eot]
[educate.frontted.com/assets/fonts/material-icons/MaterialIcons-Regular.woff2]
[educate.frontted.com/assets/fonts/material-icons/MaterialIcons-Regular.woff]
[educate.frontted.com/assets/fonts/material-icons/MaterialIcons-Regular.ttf]
[educate.frontted.com/assets/css/vendor-material-icons.css]
[educate.frontted.com/assets/css/vendor-material-icons.rtl.css]
[educate.frontted.com/assets/fonts/fontawesome-free/fa-brands-400.eot]
[educate.frontted.com/assets/fonts/fontawesome-free/fa-brands-400d41d.eot]
[educate.frontted.com/assets/fonts/fontawesome-free/fa-brands-400.woff2]
[educate.frontted.com/assets/fonts/fontawesome-free/fa-brands-400.woff]
[educate.frontted.com/assets/fonts/fontawesome-free/fa-brands-400.ttf]
[educate.frontted.com/assets/fonts/fontawesome-free/fa-solid-900.eot]
[educate.frontted.com/assets/fonts/fontawesome-free/fa-solid-900d41d.eot]
[educate.frontted.com/assets/fonts/fontawesome-free/fa-solid-900.woff2]
[educate.frontted.com/assets/fonts/fontawesome-free/fa-solid-900.woff]
[educate.frontted.com/assets/fonts/fontawesome-free/fa-solid-900.ttf]
[educate.frontted.com/assets/fonts/fontawesome-free/fa-regular-400.eot]
[educate.frontted.com/assets/fonts/fontawesome-free/fa-regular-400d41d.eot]
[educate.frontted.com/assets/fonts/fontawesome-free/fa-regular-400.woff2]
[educate.frontted.com/assets/fonts/fontawesome-free/fa-regular-400.woff]
[educate.frontted.com/assets/fonts/fontawesome-free/fa-regular-400.ttf]
[educate.frontted.com/assets/css/vendor-fontawesome-free.css]
[educate.frontted.com/assets/css/vendor-fontawesome-free.rtl.css]
[educate.frontted.com/assets/css/vendor-ion-rangeslider.css]
[educate.frontted.com/assets/css/vendor-ion-rangeslider.rtl.css]
[educate.frontted.com/assets/css/vendor-flatpickr.css]
[educate.frontted.com/assets/css/vendor-flatpickr.rtl.css]
[educate.frontted.com/assets/css/vendor-flatpickr-airbnb.css]
[educate.frontted.com/assets/css/vendor-flatpickr-airbnb.rtl.css]
[educate.frontted.com/assets/vendor/jqvmap/jqvmap.min.css]
[educate.frontted.com/ui-buttons.html]
[educate.frontted.com/assets/vendor/toastr.min.js]
[educate.frontted.com/assets/js/toastr.js]
[educate.frontted.com/ui-alerts.html]
[educate.frontted.com/ui-avatars.html]
[educate.frontted.com/ui-modals.html]
[educate.frontted.com/assets/js/app-icons.js]
[educate.frontted.com/ui-icons.html]
[educate.frontted.com/ui-range-sliders.html]
[educate.frontted.com/assets/vendor/daterangepicker.js]
[educate.frontted.com/assets/js/daterangepicker.js]
[educate.frontted.com/ui-datetime.html]
[educate.frontted.com/assets/vendor/list.min.js]
[educate.frontted.com/assets/js/list.js]
[educate.frontted.com/ui-tables.html]
[educate.frontted.com/ui-loaders.html]
[educate.frontted.com/assets/vendor/dragula/dragula.min.js]
[educate.frontted.com/assets/js/dragula.js]
[educate.frontted.com/ui-drag.html]
[educate.frontted.com/ui-pagination.html]
[educate.frontted.com/assets/images/avatar/demi.png]
[educate.frontted.com/assets/vendor/jquery.mask.min.js]
[educate.frontted.com/assets/vendor/quill.min.js]
[educate.frontted.com/assets/js/quill.js]
[educate.frontted.com/assets/vendor/dropzone.min.js]
[educate.frontted.com/assets/js/dropzone.js]
[educate.frontted.com/assets/vendor/select2/select2.min.js]
[educate.frontted.com/assets/js/select2.js]
[educate.frontted.com/ui-forms.html]
[educate.frontted.com/assets/js/page.ui-charts.js]
[educate.frontted.com/ui-charts.html]
[educate.frontted.com/assets/vendor/jquery-ui.min.js]
[educate.frontted.com/assets/vendor/fullcalendar/fullcalendar.min.js]
[educate.frontted.com/assets/js/fullcalendar.js]
[educate.frontted.com/fullcalendar.html]
[educate.frontted.com/assets/vendor/jqvmap/jquery.vmap.min.js]
[educate.frontted.com/assets/vendor/jqvmap/maps/jquery.vmap.world.js]
[educate.frontted.com/assets/data/vector-maps/mall-map.js]
[educate.frontted.com/assets/data/vector-maps/gdp-data.js]
[educate.frontted.com/assets/js/vector-maps.js]
[educate.frontted.com/assets/js/page.ui-vector-maps.js]
[educate.frontted.com/ui-vector-maps.html]
[educate.frontted.com/fixed-index.html]
[educate.frontted.com/mini-index.html]
[educate.frontted.com/assets/images/frontted-logo-blue.svg]
[educate.frontted.com/edit-account.html]
[educate.frontted.com/login.html]
[educate.frontted.com/assets/js/page.dashboard.js]
[educate.frontted.com/author-earnings.html]
[educate.frontted.com/student-dashboard.html]
[educate.frontted.com/assets/images/logos/gitlab.png]
[educate.frontted.com/student-courses.html]
[educate.frontted.com/assets/images/preview_1.0.png]
[educate.frontted.com/student-course-purchase.html]
[educate.frontted.com/student-lessons.html]
[educate.frontted.com/assets/vendor/jquery.countdown.min.js]
[educate.frontted.com/assets/js/countdown.js]
[educate.frontted.com/student-quiz.html]
[educate.frontted.com/student-discussions.html]
[educate.frontted.com/student-billing.html]
[educate.frontted.com/assets/js/page.author-dashboard.js]
[educate.frontted.com/author-dashboard.html]
[educate.frontted.com/author-courses.html]
[educate.frontted.com/author-quiz-manager.html]
[educate.frontted.com/author-reports.html]
[educate.frontted.com/author-payout.html]
[educate.frontted.com/assets/js/page.admin-dashboard.js]
[educate.frontted.com/admin-dashboard.html]
[educate.frontted.com/admin-emails.html]
[educate.frontted.com/assets/images/stories/256_rsz_dex-ezekiel-761373-unsplash.jpg]
[educate.frontted.com/admin-chat.html]
[educate.frontted.com/admin-tickets.html]
[educate.frontted.com/admin-trello.html]
[educate.frontted.com/assets/fonts/fontawesome-free/fa-brands-400.svg]
[educate.frontted.com/assets/fonts/fontawesome-free/fa-solid-900.svg]
[educate.frontted.com/assets/fonts/fontawesome-free/fa-regular-400.svg]
[educate.frontted.com/fixed-ui-buttons.html]
[educate.frontted.com/mini-ui-buttons.html]
[educate.frontted.com/assets/vendor/toastr.min.css]
[educate.frontted.com/fixed-ui-alerts.html]
[educate.frontted.com/mini-ui-alerts.html]
[educate.frontted.com/fixed-ui-avatars.html]
[educate.frontted.com/mini-ui-avatars.html]
[educate.frontted.com/fixed-ui-modals.html]
[educate.frontted.com/mini-ui-modals.html]
[educate.frontted.com/fixed-ui-icons.html]
[educate.frontted.com/mini-ui-icons.html]
[educate.frontted.com/fixed-ui-range-sliders.html]
[educate.frontted.com/mini-ui-range-sliders.html]
[educate.frontted.com/assets/vendor/daterangepicker.css]
[educate.frontted.com/fixed-ui-datetime.html]
[educate.frontted.com/mini-ui-datetime.html]
[educate.frontted.com/fixed-ui-tables.html]
[educate.frontted.com/mini-ui-tables.html]
[educate.frontted.com/assets/images/avatar/green.svg]
[educate.frontted.com/fixed-ui-loaders.html]
[educate.frontted.com/mini-ui-loaders.html]
[educate.frontted.com/assets/vendor/dragula/dragula.min.css]
[educate.frontted.com/fixed-ui-drag.html]
[educate.frontted.com/mini-ui-drag.html]
[educate.frontted.com/fixed-ui-pagination.html]
[educate.frontted.com/mini-ui-pagination.html]
[educate.frontted.com/assets/css/vendor-quill.css]
[educate.frontted.com/assets/css/vendor-quill.rtl.css]
[educate.frontted.com/assets/css/vendor-dropzone.css]
[educate.frontted.com/assets/css/vendor-dropzone.rtl.css]
[educate.frontted.com/assets/css/vendor-select2.css]
[educate.frontted.com/assets/css/vendor-select2.rtl.css]
[educate.frontted.com/assets/vendor/select2/select2.min.css]
[educate.frontted.com/fixed-ui-forms.html]
[educate.frontted.com/mini-ui-forms.html]
[educate.frontted.com/assets/images/avatar/blue.svg]
[educate.frontted.com/fixed-ui-charts.html]
[educate.frontted.com/mini-ui-charts.html]
[educate.frontted.com/assets/vendor/fullcalendar/fullcalendar.min.css]
[educate.frontted.com/fixed-fullcalendar.html]
[educate.frontted.com/mini-fullcalendar.html]
[educate.frontted.com/fixed-ui-vector-maps.html]
[educate.frontted.com/mini-ui-vector-maps.html]
[educate.frontted.com/fixed-]
[educate.frontted.com/fixed-student-dashboard.html]
[educate.frontted.com/fixed-student-courses.html]
[educate.frontted.com/fixed-student-course-purchase.html]
[educate.frontted.com/fixed-student-lessons.html]
[educate.frontted.com/fixed-student-quiz.html]
[educate.frontted.com/fixed-student-discussions.html]
[educate.frontted.com/fixed-edit-account.html]
[educate.frontted.com/fixed-student-billing.html]
[educate.frontted.com/fixed-author-dashboard.html]
[educate.frontted.com/fixed-author-courses.html]
[educate.frontted.com/fixed-author-quiz-manager.html]
[educate.frontted.com/fixed-author-earnings.html]
[educate.frontted.com/fixed-author-reports.html]
[educate.frontted.com/fixed-author-payout.html]
[educate.frontted.com/fixed-admin-dashboard.html]
[educate.frontted.com/fixed-admin-emails.html]
[educate.frontted.com/fixed-admin-chat.html]
[educate.frontted.com/fixed-admin-tickets.html]
[educate.frontted.com/fixed-admin-trello.html]
[educate.frontted.com/mini-]
[educate.frontted.com/mini-student-dashboard.html]
[educate.frontted.com/mini-student-courses.html]
[educate.frontted.com/mini-student-course-purchase.html]
[educate.frontted.com/mini-student-lessons.html]
[educate.frontted.com/mini-student-quiz.html]
[educate.frontted.com/mini-student-discussions.html]
[educate.frontted.com/mini-edit-account.html]
[educate.frontted.com/mini-student-billing.html]
[educate.frontted.com/mini-author-dashboard.html]
[educate.frontted.com/mini-author-courses.html]
[educate.frontted.com/mini-author-quiz-manager.html]
[educate.frontted.com/mini-author-earnings.html]
[educate.frontted.com/mini-author-reports.html]
[educate.frontted.com/mini-author-payout.html]
[educate.frontted.com/mini-admin-dashboard.html]
[educate.frontted.com/mini-admin-emails.html]
[educate.frontted.com/mini-admin-chat.html]
[educate.frontted.com/mini-admin-tickets.html]
[educate.frontted.com/mini-admin-trello.html]
[educate.frontted.com/assets/images/account-add-photo.svg]
[educate.frontted.com/signup.html]
[educate.frontted.com/assets/images/logos/vuejs.svg]
[educate.frontted.com/assets/images/logos/angular.svg]
[educate.frontted.com/assets/images/logos/javascript.svg]
[educate.frontted.com/take-course.html]
[educate.frontted.com/assets/images/logo.svg]
[educate.frontted.com/assets/images/logos/react.svg]
[educate.frontted.com/assets/images/logos/node.svg]
[educate.frontted.com/assets/images/logos/rails.white.svg]
[educate.frontted.com/profile.html]
[educate.frontted.com/invoice.html]
[educate.frontted.com/statement.html]
[educate.frontted.com/quiz-edit.html]
[educate.frontted.com/assets/images/logos/rails.svg]
[educate.frontted.com/assets/images/logos/paypal.svg]
[educate.frontted.com/fixed-take-course.html]
[educate.frontted.com/fixed-profile.html]
[educate.frontted.com/fixed-invoice.html]
[educate.frontted.com/fixed-statement.html]
[educate.frontted.com/fixed-quiz-edit.html]
[educate.frontted.com/mini-take-course.html]
[educate.frontted.com/mini-profile.html]
[educate.frontted.com/mini-invoice.html]
[educate.frontted.com/mini-statement.html]
[educate.frontted.com/mini-quiz-edit.html]
